<?xml version="1.0" encoding="ISO-8859-1" ?>
<link_info>
   <banner>TMS320C2000 Linker PC v22.6.1.LTS</banner>
   <copyright>Copyright (c) 1996-2018 Texas Instruments Incorporated</copyright>
   <link_time>0x66402ffd</link_time>
   <link_errors>0x0</link_errors>
   <output_file>i2c_ex2_eeprom.out</output_file>
   <entry_point>
      <name>code_start</name>
      <address>0x80000</address>
   </entry_point>
   <input_file_list>
      <input_file id="fl-2">
         <path>.\syscfg\</path>
         <kind>object</kind>
         <file>board.obj</file>
         <name>board.obj</name>
      </input_file>
      <input_file id="fl-3">
         <path>.\syscfg\</path>
         <kind>object</kind>
         <file>c2000ware_libraries.obj</file>
         <name>c2000ware_libraries.obj</name>
      </input_file>
      <input_file id="fl-4">
         <path>.\</path>
         <kind>object</kind>
         <file>i2c_ex2_eeprom.obj</file>
         <name>i2c_ex2_eeprom.obj</name>
      </input_file>
      <input_file id="fl-5">
         <path>.\device\</path>
         <kind>object</kind>
         <file>device.obj</file>
         <name>device.obj</name>
      </input_file>
      <input_file id="fl-6">
         <path>.\device\</path>
         <kind>object</kind>
         <file>f28004x_codestartbranch.obj</file>
         <name>f28004x_codestartbranch.obj</name>
      </input_file>
      <input_file id="fl-b">
         <kind>object</kind>
         <file>&lt;internal&gt;</file>
         <name>&lt;internal&gt;</name>
      </input_file>
      <input_file id="fl-f">
         <path>C:\ti\C2000Ware_5_02_00_00\driverlib\f28004x\driverlib\ccs\Debug\</path>
         <kind>archive</kind>
         <file>driverlib_eabi.lib</file>
         <name>dcc.obj</name>
      </input_file>
      <input_file id="fl-10">
         <path>C:\ti\C2000Ware_5_02_00_00\driverlib\f28004x\driverlib\ccs\Debug\</path>
         <kind>archive</kind>
         <file>driverlib_eabi.lib</file>
         <name>flash.obj</name>
      </input_file>
      <input_file id="fl-11">
         <path>C:\ti\C2000Ware_5_02_00_00\driverlib\f28004x\driverlib\ccs\Debug\</path>
         <kind>archive</kind>
         <file>driverlib_eabi.lib</file>
         <name>gpio.obj</name>
      </input_file>
      <input_file id="fl-12">
         <path>C:\ti\C2000Ware_5_02_00_00\driverlib\f28004x\driverlib\ccs\Debug\</path>
         <kind>archive</kind>
         <file>driverlib_eabi.lib</file>
         <name>i2c.obj</name>
      </input_file>
      <input_file id="fl-13">
         <path>C:\ti\C2000Ware_5_02_00_00\driverlib\f28004x\driverlib\ccs\Debug\</path>
         <kind>archive</kind>
         <file>driverlib_eabi.lib</file>
         <name>interrupt.obj</name>
      </input_file>
      <input_file id="fl-14">
         <path>C:\ti\C2000Ware_5_02_00_00\driverlib\f28004x\driverlib\ccs\Debug\</path>
         <kind>archive</kind>
         <file>driverlib_eabi.lib</file>
         <name>sysctl.obj</name>
      </input_file>
      <input_file id="fl-20">
         <path>C:\ti\ccs1270\ccs\tools\compiler\ti-cgt-c2000_22.6.1.LTS\lib\</path>
         <kind>archive</kind>
         <file>rts2800_fpu32_eabi.lib</file>
         <name>boot28.asm.obj</name>
      </input_file>
      <input_file id="fl-21">
         <path>C:\ti\ccs1270\ccs\tools\compiler\ti-cgt-c2000_22.6.1.LTS\lib\</path>
         <kind>archive</kind>
         <file>rts2800_fpu32_eabi.lib</file>
         <name>fs_div28.asm.obj</name>
      </input_file>
      <input_file id="fl-22">
         <path>C:\ti\ccs1270\ccs\tools\compiler\ti-cgt-c2000_22.6.1.LTS\lib\</path>
         <kind>archive</kind>
         <file>rts2800_fpu32_eabi.lib</file>
         <name>memcpy.c.obj</name>
      </input_file>
      <input_file id="fl-23">
         <path>C:\ti\ccs1270\ccs\tools\compiler\ti-cgt-c2000_22.6.1.LTS\lib\</path>
         <kind>archive</kind>
         <file>rts2800_fpu32_eabi.lib</file>
         <name>pre_init.c.obj</name>
      </input_file>
      <input_file id="fl-24">
         <path>C:\ti\ccs1270\ccs\tools\compiler\ti-cgt-c2000_22.6.1.LTS\lib\</path>
         <kind>archive</kind>
         <file>rts2800_fpu32_eabi.lib</file>
         <name>autoinit.c.obj</name>
      </input_file>
      <input_file id="fl-25">
         <path>C:\ti\ccs1270\ccs\tools\compiler\ti-cgt-c2000_22.6.1.LTS\lib\</path>
         <kind>archive</kind>
         <file>rts2800_fpu32_eabi.lib</file>
         <name>copy_zero_init.c.obj</name>
      </input_file>
      <input_file id="fl-26">
         <path>C:\ti\ccs1270\ccs\tools\compiler\ti-cgt-c2000_22.6.1.LTS\lib\</path>
         <kind>archive</kind>
         <file>rts2800_fpu32_eabi.lib</file>
         <name>copy_decompress_none.c.obj</name>
      </input_file>
      <input_file id="fl-27">
         <path>C:\ti\ccs1270\ccs\tools\compiler\ti-cgt-c2000_22.6.1.LTS\lib\</path>
         <kind>archive</kind>
         <file>rts2800_fpu32_eabi.lib</file>
         <name>copy_decompress_lzss.c.obj</name>
      </input_file>
      <input_file id="fl-28">
         <path>C:\ti\ccs1270\ccs\tools\compiler\ti-cgt-c2000_22.6.1.LTS\lib\</path>
         <kind>archive</kind>
         <file>rts2800_fpu32_eabi.lib</file>
         <name>exit.c.obj</name>
      </input_file>
      <input_file id="fl-29">
         <path>C:\ti\ccs1270\ccs\tools\compiler\ti-cgt-c2000_22.6.1.LTS\lib\</path>
         <kind>archive</kind>
         <file>rts2800_fpu32_eabi.lib</file>
         <name>_lock.c.obj</name>
      </input_file>
      <input_file id="fl-2a">
         <path>C:\ti\ccs1270\ccs\tools\compiler\ti-cgt-c2000_22.6.1.LTS\lib\</path>
         <kind>archive</kind>
         <file>rts2800_fpu32_eabi.lib</file>
         <name>args_main.c.obj</name>
      </input_file>
      <input_file id="fl-2b">
         <path>C:\ti\ccs1270\ccs\tools\compiler\ti-cgt-c2000_22.6.1.LTS\lib\</path>
         <kind>archive</kind>
         <file>rts2800_fpu32_eabi.lib</file>
         <name>memset.c.obj</name>
      </input_file>
      <input_file id="fl-2c">
         <path>C:\ti\ccs1270\ccs\tools\compiler\ti-cgt-c2000_22.6.1.LTS\lib\</path>
         <kind>archive</kind>
         <file>rts2800_fpu32_eabi.lib</file>
         <name>cpy_tbl.c.obj</name>
      </input_file>
      <input_file id="fl-2d">
         <path>C:\ti\ccs1270\ccs\tools\compiler\ti-cgt-c2000_22.6.1.LTS\lib\</path>
         <kind>archive</kind>
         <file>rts2800_fpu32_eabi.lib</file>
         <name>startup.c.obj</name>
      </input_file>
   </input_file_list>
   <object_component_list>
      <object_component id="oc-20">
         <name>codestart</name>
         <load_address>0x80000</load_address>
         <run_address>0x80000</run_address>
         <size>0x2</size>
         <input_file_ref idref="fl-6"/>
      </object_component>
      <object_component id="oc-31">
         <name>.text</name>
         <load_address>0x82000</load_address>
         <run_address>0x82000</run_address>
         <size>0x29c</size>
         <input_file_ref idref="fl-4"/>
      </object_component>
      <object_component id="oc-75">
         <name>.text</name>
         <load_address>0x8229c</load_address>
         <run_address>0x8229c</run_address>
         <size>0x217</size>
         <input_file_ref idref="fl-5"/>
      </object_component>
      <object_component id="oc-81">
         <name>.text</name>
         <load_address>0x824b3</load_address>
         <run_address>0x824b3</run_address>
         <size>0x1aa</size>
         <input_file_ref idref="fl-2"/>
      </object_component>
      <object_component id="oc-ef">
         <name>.text:DCC_verifyClockFrequency</name>
         <load_address>0x8265d</load_address>
         <run_address>0x8265d</run_address>
         <size>0xcb</size>
         <input_file_ref idref="fl-f"/>
      </object_component>
      <object_component id="oc-cb">
         <name>.text:SysCtl_setClock</name>
         <load_address>0x82728</load_address>
         <run_address>0x82728</run_address>
         <size>0xc8</size>
         <input_file_ref idref="fl-14"/>
      </object_component>
      <object_component id="oc-18a">
         <name>.text:SysCtl_isPLLValid</name>
         <load_address>0x827f0</load_address>
         <run_address>0x827f0</run_address>
         <size>0xbd</size>
         <input_file_ref idref="fl-14"/>
      </object_component>
      <object_component id="oc-1a6">
         <name>.text</name>
         <load_address>0x828ad</load_address>
         <run_address>0x828ad</run_address>
         <size>0x88</size>
         <input_file_ref idref="fl-21"/>
      </object_component>
      <object_component id="oc-2b">
         <name>.text:retain</name>
         <load_address>0x82935</load_address>
         <run_address>0x82935</run_address>
         <size>0x74</size>
         <input_file_ref idref="fl-4"/>
      </object_component>
      <object_component id="oc-1d5">
         <name>.text:DCC_setCounterSeeds</name>
         <load_address>0x829a9</load_address>
         <run_address>0x829a9</run_address>
         <size>0x73</size>
         <input_file_ref idref="fl-f"/>
      </object_component>
      <object_component id="oc-299">
         <name>.text:DCC_setCounterSeeds</name>
         <load_address>0x82a1c</load_address>
         <run_address>0x82a1c</run_address>
         <size>0x73</size>
         <input_file_ref idref="fl-14"/>
      </object_component>
      <object_component id="oc-8e">
         <name>.text:I2C_initController</name>
         <load_address>0x82a8f</load_address>
         <run_address>0x82a8f</run_address>
         <size>0x64</size>
         <input_file_ref idref="fl-12"/>
      </object_component>
      <object_component id="oc-d1">
         <name>.text:SysCtl_getClock</name>
         <load_address>0x82af3</load_address>
         <run_address>0x82af3</run_address>
         <size>0x5e</size>
         <input_file_ref idref="fl-14"/>
      </object_component>
      <object_component id="oc-dd">
         <name>.text:GPIO_setPadConfig</name>
         <load_address>0x82b51</load_address>
         <run_address>0x82b51</run_address>
         <size>0x52</size>
         <input_file_ref idref="fl-11"/>
      </object_component>
      <object_component id="oc-184">
         <name>.text:SysCtl_selectOscSource</name>
         <load_address>0x82ba3</load_address>
         <run_address>0x82ba3</run_address>
         <size>0x49</size>
         <input_file_ref idref="fl-14"/>
      </object_component>
      <object_component id="oc-2fb">
         <name>.text:SysCtl_pollX1Counter</name>
         <load_address>0x82bec</load_address>
         <run_address>0x82bec</run_address>
         <size>0x45</size>
         <input_file_ref idref="fl-14"/>
      </object_component>
      <object_component id="oc-25c">
         <name>.text:SysCtl_selectXTAL</name>
         <load_address>0x82c31</load_address>
         <run_address>0x82c31</run_address>
         <size>0x40</size>
         <input_file_ref idref="fl-14"/>
      </object_component>
      <object_component id="oc-7b">
         <name>.text:Interrupt_initModule</name>
         <load_address>0x82c71</load_address>
         <run_address>0x82c71</run_address>
         <size>0x3d</size>
         <input_file_ref idref="fl-13"/>
      </object_component>
      <object_component id="oc-e9">
         <name>.text:GPIO_setAnalogMode</name>
         <load_address>0x82cae</load_address>
         <run_address>0x82cae</run_address>
         <size>0x3a</size>
         <input_file_ref idref="fl-11"/>
      </object_component>
      <object_component id="oc-ff">
         <name>.text:GPIO_setPinConfig</name>
         <load_address>0x82ce8</load_address>
         <run_address>0x82ce8</run_address>
         <size>0x37</size>
         <input_file_ref idref="fl-11"/>
      </object_component>
      <object_component id="oc-105">
         <name>.text:GPIO_setQualificationMode</name>
         <load_address>0x82d1f</load_address>
         <run_address>0x82d1f</run_address>
         <size>0x37</size>
         <input_file_ref idref="fl-11"/>
      </object_component>
      <object_component id="oc-87">
         <name>.text:Interrupt_enable</name>
         <load_address>0x82d56</load_address>
         <run_address>0x82d56</run_address>
         <size>0x37</size>
         <input_file_ref idref="fl-13"/>
      </object_component>
      <object_component id="oc-e3">
         <name>.text:GPIO_setDirectionMode</name>
         <load_address>0x82d8d</load_address>
         <run_address>0x82d8d</run_address>
         <size>0x31</size>
         <input_file_ref idref="fl-11"/>
      </object_component>
      <object_component id="oc-13">
         <name>.text:decompress:lzss</name>
         <load_address>0x82dbe</load_address>
         <run_address>0x82dbe</run_address>
         <size>0x30</size>
         <input_file_ref idref="fl-27"/>
      </object_component>
      <object_component id="oc-214">
         <name>.text:__TI_auto_init_nobinit_nopinit</name>
         <load_address>0x82dee</load_address>
         <run_address>0x82dee</run_address>
         <size>0x2b</size>
         <input_file_ref idref="fl-24"/>
      </object_component>
      <object_component id="oc-94">
         <name>.text:I2C_enableInterrupt</name>
         <load_address>0x82e19</load_address>
         <run_address>0x82e19</run_address>
         <size>0x2a</size>
         <input_file_ref idref="fl-12"/>
      </object_component>
      <object_component id="oc-137">
         <name>.text</name>
         <load_address>0x82e43</load_address>
         <run_address>0x82e43</run_address>
         <size>0x29</size>
         <input_file_ref idref="fl-28"/>
      </object_component>
      <object_component id="oc-262">
         <name>.text:SysCtl_selectXTALSingleEnded</name>
         <load_address>0x82e6c</load_address>
         <run_address>0x82e6c</run_address>
         <size>0x25</size>
         <input_file_ref idref="fl-14"/>
      </object_component>
      <object_component id="oc-1db">
         <name>.text:DCC_enableSingleShotMode</name>
         <load_address>0x82e91</load_address>
         <run_address>0x82e91</run_address>
         <size>0x24</size>
         <input_file_ref idref="fl-f"/>
      </object_component>
      <object_component id="oc-29f">
         <name>.text:DCC_enableSingleShotMode</name>
         <load_address>0x82eb5</load_address>
         <run_address>0x82eb5</run_address>
         <size>0x24</size>
         <input_file_ref idref="fl-14"/>
      </object_component>
      <object_component id="oc-9a">
         <name>.text:I2C_clearInterruptStatus</name>
         <load_address>0x82ed9</load_address>
         <run_address>0x82ed9</run_address>
         <size>0x22</size>
         <input_file_ref idref="fl-12"/>
      </object_component>
      <object_component id="oc-1cf">
         <name>.text:DCC_setCounter1ClkSource</name>
         <load_address>0x82efb</load_address>
         <run_address>0x82efb</run_address>
         <size>0x1e</size>
         <input_file_ref idref="fl-f"/>
      </object_component>
      <object_component id="oc-293">
         <name>.text:DCC_setCounter1ClkSource</name>
         <load_address>0x82f19</load_address>
         <run_address>0x82f19</run_address>
         <size>0x1e</size>
         <input_file_ref idref="fl-14"/>
      </object_component>
      <object_component id="oc-3d">
         <name>.text:Interrupt_initVectorTable</name>
         <load_address>0x82f37</load_address>
         <run_address>0x82f37</run_address>
         <size>0x1e</size>
         <input_file_ref idref="fl-13"/>
      </object_component>
      <object_component id="oc-52">
         <name>.text</name>
         <load_address>0x82f55</load_address>
         <run_address>0x82f55</run_address>
         <size>0x1d</size>
         <input_file_ref idref="fl-22"/>
      </object_component>
      <object_component id="oc-1f9">
         <name>.text:DCC_getErrorStatus</name>
         <load_address>0x82f72</load_address>
         <run_address>0x82f72</run_address>
         <size>0x1c</size>
         <input_file_ref idref="fl-f"/>
      </object_component>
      <object_component id="oc-1f3">
         <name>.text:DCC_getSingleShotStatus</name>
         <load_address>0x82f8e</load_address>
         <run_address>0x82f8e</run_address>
         <size>0x1c</size>
         <input_file_ref idref="fl-f"/>
      </object_component>
      <object_component id="oc-1c9">
         <name>.text:DCC_setCounter0ClkSource</name>
         <load_address>0x82faa</load_address>
         <run_address>0x82faa</run_address>
         <size>0x1c</size>
         <input_file_ref idref="fl-f"/>
      </object_component>
      <object_component id="oc-28d">
         <name>.text:DCC_setCounter0ClkSource</name>
         <load_address>0x82fc6</load_address>
         <run_address>0x82fc6</run_address>
         <size>0x1c</size>
         <input_file_ref idref="fl-14"/>
      </object_component>
      <object_component id="oc-d7">
         <name>.text:SysCtl_getLowSpeedClock</name>
         <load_address>0x82fe2</load_address>
         <run_address>0x82fe2</run_address>
         <size>0x1a</size>
         <input_file_ref idref="fl-14"/>
      </object_component>
      <object_component id="oc-12a">
         <name>.text</name>
         <load_address>0x82ffc</load_address>
         <run_address>0x82ffc</run_address>
         <size>0x2</size>
         <input_file_ref idref="fl-23"/>
      </object_component>
      <object_component id="oc-2d5">
         <name>.text</name>
         <load_address>0x82ffe</load_address>
         <run_address>0x82ffe</run_address>
         <size>0x1</size>
         <input_file_ref idref="fl-2d"/>
      </object_component>
      <object_component id="oc-269">
         <name>.text:SysCtl_enablePeripheral</name>
         <load_address>0x83000</load_address>
         <run_address>0x83000</run_address>
         <size>0x17</size>
         <input_file_ref idref="fl-14"/>
      </object_component>
      <object_component id="oc-b7">
         <name>.text</name>
         <load_address>0x83017</load_address>
         <run_address>0x83017</run_address>
         <size>0x17</size>
         <input_file_ref idref="fl-20"/>
      </object_component>
      <object_component id="oc-1c3">
         <name>.text:DCC_disableDoneSignal</name>
         <load_address>0x8302e</load_address>
         <run_address>0x8302e</run_address>
         <size>0x16</size>
         <input_file_ref idref="fl-f"/>
      </object_component>
      <object_component id="oc-287">
         <name>.text:DCC_disableDoneSignal</name>
         <load_address>0x83044</load_address>
         <run_address>0x83044</run_address>
         <size>0x16</size>
         <input_file_ref idref="fl-14"/>
      </object_component>
      <object_component id="oc-1e7">
         <name>.text:DCC_enableDoneSignal</name>
         <load_address>0x8305a</load_address>
         <run_address>0x8305a</run_address>
         <size>0x16</size>
         <input_file_ref idref="fl-f"/>
      </object_component>
      <object_component id="oc-2ab">
         <name>.text:DCC_enableDoneSignal</name>
         <load_address>0x83070</load_address>
         <run_address>0x83070</run_address>
         <size>0x16</size>
         <input_file_ref idref="fl-14"/>
      </object_component>
      <object_component id="oc-37">
         <name>.text:Interrupt_defaultHandler</name>
         <load_address>0x83086</load_address>
         <run_address>0x83086</run_address>
         <size>0x16</size>
         <input_file_ref idref="fl-13"/>
      </object_component>
      <object_component id="oc-1b1">
         <name>.text:DCC_clearDoneFlag</name>
         <load_address>0x8309c</load_address>
         <run_address>0x8309c</run_address>
         <size>0x15</size>
         <input_file_ref idref="fl-f"/>
      </object_component>
      <object_component id="oc-275">
         <name>.text:DCC_clearDoneFlag</name>
         <load_address>0x830b1</load_address>
         <run_address>0x830b1</run_address>
         <size>0x15</size>
         <input_file_ref idref="fl-14"/>
      </object_component>
      <object_component id="oc-1ab">
         <name>.text:DCC_clearErrorFlag</name>
         <load_address>0x830c6</load_address>
         <run_address>0x830c6</run_address>
         <size>0x15</size>
         <input_file_ref idref="fl-f"/>
      </object_component>
      <object_component id="oc-26f">
         <name>.text:DCC_clearErrorFlag</name>
         <load_address>0x830db</load_address>
         <run_address>0x830db</run_address>
         <size>0x15</size>
         <input_file_ref idref="fl-14"/>
      </object_component>
      <object_component id="oc-1bd">
         <name>.text:DCC_disableErrorSignal</name>
         <load_address>0x830f0</load_address>
         <run_address>0x830f0</run_address>
         <size>0x15</size>
         <input_file_ref idref="fl-f"/>
      </object_component>
      <object_component id="oc-281">
         <name>.text:DCC_disableErrorSignal</name>
         <load_address>0x83105</load_address>
         <run_address>0x83105</run_address>
         <size>0x15</size>
         <input_file_ref idref="fl-14"/>
      </object_component>
      <object_component id="oc-1e1">
         <name>.text:DCC_enableErrorSignal</name>
         <load_address>0x8311a</load_address>
         <run_address>0x8311a</run_address>
         <size>0x15</size>
         <input_file_ref idref="fl-f"/>
      </object_component>
      <object_component id="oc-2a5">
         <name>.text:DCC_enableErrorSignal</name>
         <load_address>0x8312f</load_address>
         <run_address>0x8312f</run_address>
         <size>0x15</size>
         <input_file_ref idref="fl-14"/>
      </object_component>
      <object_component id="oc-1b7">
         <name>.text:DCC_disableModule</name>
         <load_address>0x83144</load_address>
         <run_address>0x83144</run_address>
         <size>0x14</size>
         <input_file_ref idref="fl-f"/>
      </object_component>
      <object_component id="oc-27b">
         <name>.text:DCC_disableModule</name>
         <load_address>0x83158</load_address>
         <run_address>0x83158</run_address>
         <size>0x14</size>
         <input_file_ref idref="fl-14"/>
      </object_component>
      <object_component id="oc-1ed">
         <name>.text:DCC_enableModule</name>
         <load_address>0x8316c</load_address>
         <run_address>0x8316c</run_address>
         <size>0x14</size>
         <input_file_ref idref="fl-f"/>
      </object_component>
      <object_component id="oc-2b1">
         <name>.text:DCC_enableModule</name>
         <load_address>0x83180</load_address>
         <run_address>0x83180</run_address>
         <size>0x14</size>
         <input_file_ref idref="fl-14"/>
      </object_component>
      <object_component id="oc-194">
         <name>.text:GPIO_isPinValid</name>
         <load_address>0x83194</load_address>
         <run_address>0x83194</run_address>
         <size>0x14</size>
         <input_file_ref idref="fl-11"/>
      </object_component>
      <object_component id="oc-19f">
         <name>.text:DCC_isBaseValid</name>
         <load_address>0x831a8</load_address>
         <run_address>0x831a8</run_address>
         <size>0x10</size>
         <input_file_ref idref="fl-f"/>
      </object_component>
      <object_component id="oc-30a">
         <name>.text:DCC_isBaseValid</name>
         <load_address>0x831b8</load_address>
         <run_address>0x831b8</run_address>
         <size>0x10</size>
         <input_file_ref idref="fl-14"/>
      </object_component>
      <object_component id="oc-13e">
         <name>.text:Flash_isCtrlBaseValid</name>
         <load_address>0x831c8</load_address>
         <run_address>0x831c8</run_address>
         <size>0x10</size>
         <input_file_ref idref="fl-10"/>
      </object_component>
      <object_component id="oc-145">
         <name>.text:Flash_isECCBaseValid</name>
         <load_address>0x831d8</load_address>
         <run_address>0x831d8</run_address>
         <size>0x10</size>
         <input_file_ref idref="fl-10"/>
      </object_component>
      <object_component id="oc-114">
         <name>.text:I2C_isBaseValid</name>
         <load_address>0x831e8</load_address>
         <run_address>0x831e8</run_address>
         <size>0xf</size>
         <input_file_ref idref="fl-12"/>
      </object_component>
      <object_component id="oc-f7">
         <name>.text:Interrupt_disableGlobal</name>
         <load_address>0x831f7</load_address>
         <run_address>0x831f7</run_address>
         <size>0xd</size>
         <input_file_ref idref="fl-13"/>
      </object_component>
      <object_component id="oc-10d">
         <name>.text:Interrupt_enableGlobal</name>
         <load_address>0x83204</load_address>
         <run_address>0x83204</run_address>
         <size>0xd</size>
         <input_file_ref idref="fl-13"/>
      </object_component>
      <object_component id="oc-5a">
         <name>.text:decompress:ZI:__TI_zero_init_nomemset</name>
         <load_address>0x83211</load_address>
         <run_address>0x83211</run_address>
         <size>0xd</size>
         <input_file_ref idref="fl-25"/>
      </object_component>
      <object_component id="oc-131">
         <name>.text</name>
         <load_address>0x8321e</load_address>
         <run_address>0x8321e</run_address>
         <size>0xc</size>
         <input_file_ref idref="fl-2a"/>
      </object_component>
      <object_component id="oc-17e">
         <name>.text:SysCtl_isMCDClockFailureDetected</name>
         <load_address>0x8322a</load_address>
         <run_address>0x8322a</run_address>
         <size>0xb</size>
         <input_file_ref idref="fl-14"/>
      </object_component>
      <object_component id="oc-43">
         <name>.text:Interrupt_illegalOperationHandler</name>
         <load_address>0x83235</load_address>
         <run_address>0x83235</run_address>
         <size>0xa</size>
         <input_file_ref idref="fl-13"/>
      </object_component>
      <object_component id="oc-49">
         <name>.text:Interrupt_nmiHandler</name>
         <load_address>0x8323f</load_address>
         <run_address>0x8323f</run_address>
         <size>0xa</size>
         <input_file_ref idref="fl-13"/>
      </object_component>
      <object_component id="oc-2ef">
         <name>.text</name>
         <load_address>0x83249</load_address>
         <run_address>0x83249</run_address>
         <size>0x9</size>
         <input_file_ref idref="fl-29"/>
      </object_component>
      <object_component id="oc-19">
         <name>.text:decompress:none</name>
         <load_address>0x83252</load_address>
         <run_address>0x83252</run_address>
         <size>0x8</size>
         <input_file_ref idref="fl-26"/>
      </object_component>
      <object_component id="oc-66">
         <name>.text</name>
         <load_address>0x8325a</load_address>
         <run_address>0x8325a</run_address>
         <size>0x8</size>
         <input_file_ref idref="fl-6"/>
      </object_component>
      <object_component id="oc-301">
         <name>.text:SysCtl_resetMCD</name>
         <load_address>0x83262</load_address>
         <run_address>0x83262</run_address>
         <size>0x7</size>
         <input_file_ref idref="fl-14"/>
      </object_component>
      <object_component id="oc-35e">
         <name>.cinit..data.load</name>
         <load_address>0x8112c</load_address>
         <run_address>0x8112c</run_address>
         <size>0x1e</size>
      </object_component>
      <object_component id="oc-35b">
         <name>__TI_handler_table</name>
         <load_address>0x8114a</load_address>
         <run_address>0x8114a</run_address>
         <size>0x6</size>
      </object_component>
      <object_component id="oc-35d">
         <name>.cinit..bss.load</name>
         <load_address>0x81150</load_address>
         <run_address>0x81150</run_address>
         <size>0x4</size>
      </object_component>
      <object_component id="oc-35c">
         <name>__TI_cinit_table</name>
         <load_address>0x81154</load_address>
         <run_address>0x81154</run_address>
         <size>0x8</size>
      </object_component>
      <object_component id="oc-4f">
         <name>.stack</name>
         <uninitialized>true</uninitialized>
         <run_address>0x400</run_address>
         <size>0x0</size>
         <input_file_ref idref="fl-20"/>
      </object_component>
      <object_component id="oc-35f">
         <name>.stack</name>
         <uninitialized>true</uninitialized>
         <run_address>0x400</run_address>
         <size>0x0</size>
      </object_component>
      <object_component id="oc-6c">
         <name>.bss</name>
         <uninitialized>true</uninitialized>
         <run_address>0xa832</run_address>
         <size>0x2</size>
         <input_file_ref idref="fl-4"/>
      </object_component>
      <object_component id="oc-6f">
         <name>.data</name>
         <load_address>0xa800</load_address>
         <run_address>0xa800</run_address>
         <size>0x28</size>
         <input_file_ref idref="fl-4"/>
      </object_component>
      <object_component id="oc-246">
         <name>.data</name>
         <load_address>0xa828</load_address>
         <run_address>0xa828</run_address>
         <size>0x6</size>
         <input_file_ref idref="fl-28"/>
      </object_component>
      <object_component id="oc-249">
         <name>.data:_lock</name>
         <load_address>0xa82e</load_address>
         <run_address>0xa82e</run_address>
         <size>0x2</size>
         <input_file_ref idref="fl-29"/>
      </object_component>
      <object_component id="oc-323">
         <name>.data:_unlock</name>
         <load_address>0xa830</load_address>
         <run_address>0xa830</run_address>
         <size>0x2</size>
         <input_file_ref idref="fl-29"/>
      </object_component>
      <object_component id="oc-144">
         <name>.const:.string</name>
         <load_address>0x84000</load_address>
         <run_address>0x84000</run_address>
         <size>0x9b</size>
         <input_file_ref idref="fl-10"/>
      </object_component>
      <object_component id="oc-17d">
         <name>.const:.string</name>
         <load_address>0x8409c</load_address>
         <run_address>0x8409c</run_address>
         <size>0x9a</size>
         <input_file_ref idref="fl-14"/>
      </object_component>
      <object_component id="oc-19a">
         <name>.const:.string</name>
         <load_address>0x84136</load_address>
         <run_address>0x84136</run_address>
         <size>0x98</size>
         <input_file_ref idref="fl-11"/>
      </object_component>
      <object_component id="oc-1a5">
         <name>.const:.string</name>
         <load_address>0x841ce</load_address>
         <run_address>0x841ce</run_address>
         <size>0x97</size>
         <input_file_ref idref="fl-f"/>
      </object_component>
      <object_component id="oc-c4">
         <name>.const:.string</name>
         <load_address>0x84266</load_address>
         <run_address>0x84266</run_address>
         <size>0x53</size>
         <input_file_ref idref="fl-5"/>
      </object_component>
      <object_component id="oc-11a">
         <name>.const:.string</name>
         <load_address>0x842ba</load_address>
         <run_address>0x842ba</run_address>
         <size>0x4b</size>
         <input_file_ref idref="fl-12"/>
      </object_component>
      <object_component id="oc-fe">
         <name>.const:.string</name>
         <load_address>0x84306</load_address>
         <run_address>0x84306</run_address>
         <size>0x3d</size>
         <input_file_ref idref="fl-2"/>
      </object_component>
      <object_component id="oc-74">
         <name>.const:.string</name>
         <load_address>0x84344</load_address>
         <run_address>0x84344</run_address>
         <size>0x3d</size>
         <input_file_ref idref="fl-4"/>
      </object_component>
      <object_component id="oc-c5">
         <name>.TI.ramfunc:Flash_initModule</name>
         <load_address>0x81000</load_address>
         <run_address>0x8000</run_address>
         <size>0x44</size>
         <input_file_ref idref="fl-10"/>
      </object_component>
      <object_component id="oc-14b">
         <name>.TI.ramfunc:Flash_setBankPowerMode</name>
         <load_address>0x81044</load_address>
         <run_address>0x8044</run_address>
         <size>0x2c</size>
         <input_file_ref idref="fl-10"/>
      </object_component>
      <object_component id="oc-163">
         <name>.TI.ramfunc:Flash_setWaitstates</name>
         <load_address>0x81070</load_address>
         <run_address>0x8070</run_address>
         <size>0x24</size>
         <input_file_ref idref="fl-10"/>
      </object_component>
      <object_component id="oc-151">
         <name>.TI.ramfunc:Flash_setPumpPowerMode</name>
         <load_address>0x81094</load_address>
         <run_address>0x8094</run_address>
         <size>0x1d</size>
         <input_file_ref idref="fl-10"/>
      </object_component>
      <object_component id="oc-157">
         <name>.TI.ramfunc:Flash_disableCache</name>
         <load_address>0x810b1</load_address>
         <run_address>0x80b1</run_address>
         <size>0x18</size>
         <input_file_ref idref="fl-10"/>
      </object_component>
      <object_component id="oc-15d">
         <name>.TI.ramfunc:Flash_disablePrefetch</name>
         <load_address>0x810c9</load_address>
         <run_address>0x80c9</run_address>
         <size>0x18</size>
         <input_file_ref idref="fl-10"/>
      </object_component>
      <object_component id="oc-169">
         <name>.TI.ramfunc:Flash_enableCache</name>
         <load_address>0x810e1</load_address>
         <run_address>0x80e1</run_address>
         <size>0x17</size>
         <input_file_ref idref="fl-10"/>
      </object_component>
      <object_component id="oc-16f">
         <name>.TI.ramfunc:Flash_enablePrefetch</name>
         <load_address>0x810f8</load_address>
         <run_address>0x80f8</run_address>
         <size>0x17</size>
         <input_file_ref idref="fl-10"/>
      </object_component>
      <object_component id="oc-175">
         <name>.TI.ramfunc:Flash_enableECC</name>
         <load_address>0x8110f</load_address>
         <run_address>0x810f</run_address>
         <size>0x16</size>
         <input_file_ref idref="fl-10"/>
      </object_component>
      <object_component id="oc-8d">
         <name>.TI.ramfunc</name>
         <load_address>0x81125</load_address>
         <run_address>0x8125</run_address>
         <size>0x4</size>
         <input_file_ref idref="fl-14"/>
      </object_component>
      <object_component id="oc-10c">
         <name>.debug_types</name>
         <load_address>0x0</load_address>
         <run_address>0x0</run_address>
         <size>0xb4f</size>
         <input_file_ref idref="fl-2"/>
      </object_component>
      <object_component id="oc-73">
         <name>.debug_types</name>
         <load_address>0xb4f</load_address>
         <run_address>0xb4f</run_address>
         <size>0x2c1</size>
         <input_file_ref idref="fl-4"/>
      </object_component>
      <object_component id="oc-f6">
         <name>.debug_types</name>
         <load_address>0xe10</load_address>
         <run_address>0xe10</run_address>
         <size>0xcd2</size>
         <input_file_ref idref="fl-5"/>
      </object_component>
      <object_component id="oc-200">
         <name>.debug_types</name>
         <load_address>0x1ae2</load_address>
         <run_address>0x1ae2</run_address>
         <size>0x13d</size>
         <input_file_ref idref="fl-f"/>
      </object_component>
      <object_component id="oc-17c">
         <name>.debug_types</name>
         <load_address>0x1c1f</load_address>
         <run_address>0x1c1f</run_address>
         <size>0x1e9</size>
         <input_file_ref idref="fl-10"/>
      </object_component>
      <object_component id="oc-19c">
         <name>.debug_types</name>
         <load_address>0x1e08</load_address>
         <run_address>0x1e08</run_address>
         <size>0x2e2</size>
         <input_file_ref idref="fl-11"/>
      </object_component>
      <object_component id="oc-11c">
         <name>.debug_types</name>
         <load_address>0x0</load_address>
         <run_address>0x0</run_address>
         <size>0x0</size>
         <input_file_ref idref="fl-12"/>
      </object_component>
      <object_component id="oc-a2">
         <name>.debug_types</name>
         <load_address>0x0</load_address>
         <run_address>0x0</run_address>
         <size>0x0</size>
         <input_file_ref idref="fl-13"/>
      </object_component>
      <object_component id="oc-191">
         <name>.debug_types</name>
         <load_address>0x20ea</load_address>
         <run_address>0x20ea</run_address>
         <size>0x132</size>
         <input_file_ref idref="fl-14"/>
      </object_component>
      <object_component id="oc-aa">
         <name>.debug_types</name>
         <load_address>0x221c</load_address>
         <run_address>0x221c</run_address>
         <size>0x142</size>
         <input_file_ref idref="fl-22"/>
      </object_component>
      <object_component id="oc-213">
         <name>.debug_types</name>
         <load_address>0x0</load_address>
         <run_address>0x0</run_address>
         <size>0x0</size>
         <input_file_ref idref="fl-23"/>
      </object_component>
      <object_component id="oc-2dc">
         <name>.debug_types</name>
         <load_address>0x235e</load_address>
         <run_address>0x235e</run_address>
         <size>0x470</size>
         <input_file_ref idref="fl-24"/>
      </object_component>
      <object_component id="oc-af">
         <name>.debug_types</name>
         <load_address>0x27ce</load_address>
         <run_address>0x27ce</run_address>
         <size>0x194</size>
         <input_file_ref idref="fl-25"/>
      </object_component>
      <object_component id="oc-59">
         <name>.debug_types</name>
         <load_address>0x0</load_address>
         <run_address>0x0</run_address>
         <size>0x0</size>
         <input_file_ref idref="fl-26"/>
      </object_component>
      <object_component id="oc-51">
         <name>.debug_types</name>
         <load_address>0x2962</load_address>
         <run_address>0x2962</run_address>
         <size>0x191</size>
         <input_file_ref idref="fl-27"/>
      </object_component>
      <object_component id="oc-24d">
         <name>.debug_types</name>
         <load_address>0x2af3</load_address>
         <run_address>0x2af3</run_address>
         <size>0xbf</size>
         <input_file_ref idref="fl-28"/>
      </object_component>
      <object_component id="oc-2f7">
         <name>.debug_types</name>
         <load_address>0x2bb2</load_address>
         <run_address>0x2bb2</run_address>
         <size>0x2f</size>
         <input_file_ref idref="fl-29"/>
      </object_component>
      <object_component id="oc-245">
         <name>.debug_types</name>
         <load_address>0x2be1</load_address>
         <run_address>0x2be1</run_address>
         <size>0xe1</size>
         <input_file_ref idref="fl-2a"/>
      </object_component>
      <object_component id="oc-31d">
         <name>.debug_types</name>
         <load_address>0x0</load_address>
         <run_address>0x0</run_address>
         <size>0x0</size>
         <input_file_ref idref="fl-2d"/>
      </object_component>
      <object_component id="oc-85">
         <name>.debug_info</name>
         <load_address>0x0</load_address>
         <run_address>0x0</run_address>
         <size>0xed9</size>
         <input_file_ref idref="fl-2"/>
      </object_component>
      <object_component id="oc-70">
         <name>.debug_info</name>
         <load_address>0xed9</load_address>
         <run_address>0xed9</run_address>
         <size>0x15a</size>
         <input_file_ref idref="fl-4"/>
      </object_component>
      <object_component id="oc-6d">
         <name>.debug_info</name>
         <load_address>0x1033</load_address>
         <run_address>0x1033</run_address>
         <size>0xf2</size>
         <input_file_ref idref="fl-4"/>
      </object_component>
      <object_component id="oc-35">
         <name>.debug_info</name>
         <load_address>0x1125</load_address>
         <run_address>0x1125</run_address>
         <size>0x166c</size>
         <input_file_ref idref="fl-4"/>
      </object_component>
      <object_component id="oc-2f">
         <name>.debug_info</name>
         <load_address>0x2791</load_address>
         <run_address>0x2791</run_address>
         <size>0x1bf</size>
         <input_file_ref idref="fl-4"/>
      </object_component>
      <object_component id="oc-76">
         <name>.debug_info</name>
         <load_address>0x2950</load_address>
         <run_address>0x2950</run_address>
         <size>0x11d8</size>
         <input_file_ref idref="fl-5"/>
      </object_component>
      <object_component id="oc-22">
         <name>.debug_info</name>
         <load_address>0x3b28</load_address>
         <run_address>0x3b28</run_address>
         <size>0x10a</size>
         <input_file_ref idref="fl-6"/>
      </object_component>
      <object_component id="oc-69">
         <name>.debug_info</name>
         <load_address>0x3c32</load_address>
         <run_address>0x3c32</run_address>
         <size>0x10b</size>
         <input_file_ref idref="fl-6"/>
      </object_component>
      <object_component id="oc-1a0">
         <name>.debug_info</name>
         <load_address>0x3d3d</load_address>
         <run_address>0x3d3d</run_address>
         <size>0x1cf</size>
         <input_file_ref idref="fl-f"/>
      </object_component>
      <object_component id="oc-1ee">
         <name>.debug_info</name>
         <load_address>0x3f0c</load_address>
         <run_address>0x3f0c</run_address>
         <size>0x1ed</size>
         <input_file_ref idref="fl-f"/>
      </object_component>
      <object_component id="oc-1b8">
         <name>.debug_info</name>
         <load_address>0x40f9</load_address>
         <run_address>0x40f9</run_address>
         <size>0x1ef</size>
         <input_file_ref idref="fl-f"/>
      </object_component>
      <object_component id="oc-1e2">
         <name>.debug_info</name>
         <load_address>0x42e8</load_address>
         <run_address>0x42e8</run_address>
         <size>0x1f9</size>
         <input_file_ref idref="fl-f"/>
      </object_component>
      <object_component id="oc-1e9">
         <name>.debug_info</name>
         <load_address>0x44e1</load_address>
         <run_address>0x44e1</run_address>
         <size>0x1f7</size>
         <input_file_ref idref="fl-f"/>
      </object_component>
      <object_component id="oc-1c0">
         <name>.debug_info</name>
         <load_address>0x46d8</load_address>
         <run_address>0x46d8</run_address>
         <size>0x1fb</size>
         <input_file_ref idref="fl-f"/>
      </object_component>
      <object_component id="oc-1c6">
         <name>.debug_info</name>
         <load_address>0x48d3</load_address>
         <run_address>0x48d3</run_address>
         <size>0x1f9</size>
         <input_file_ref idref="fl-f"/>
      </object_component>
      <object_component id="oc-1dc">
         <name>.debug_info</name>
         <load_address>0x4acc</load_address>
         <run_address>0x4acc</run_address>
         <size>0x220</size>
         <input_file_ref idref="fl-f"/>
      </object_component>
      <object_component id="oc-1fb">
         <name>.debug_info</name>
         <load_address>0x4cec</load_address>
         <run_address>0x4cec</run_address>
         <size>0x1fb</size>
         <input_file_ref idref="fl-f"/>
      </object_component>
      <object_component id="oc-1f4">
         <name>.debug_info</name>
         <load_address>0x4ee7</load_address>
         <run_address>0x4ee7</run_address>
         <size>0x205</size>
         <input_file_ref idref="fl-f"/>
      </object_component>
      <object_component id="oc-1ac">
         <name>.debug_info</name>
         <load_address>0x50ec</load_address>
         <run_address>0x50ec</run_address>
         <size>0x1f3</size>
         <input_file_ref idref="fl-f"/>
      </object_component>
      <object_component id="oc-1b2">
         <name>.debug_info</name>
         <load_address>0x52df</load_address>
         <run_address>0x52df</run_address>
         <size>0x1f1</size>
         <input_file_ref idref="fl-f"/>
      </object_component>
      <object_component id="oc-1d0">
         <name>.debug_info</name>
         <load_address>0x54d0</load_address>
         <run_address>0x54d0</run_address>
         <size>0x224</size>
         <input_file_ref idref="fl-f"/>
      </object_component>
      <object_component id="oc-1ca">
         <name>.debug_info</name>
         <load_address>0x56f4</load_address>
         <run_address>0x56f4</run_address>
         <size>0x224</size>
         <input_file_ref idref="fl-f"/>
      </object_component>
      <object_component id="oc-1d8">
         <name>.debug_info</name>
         <load_address>0x5918</load_address>
         <run_address>0x5918</run_address>
         <size>0x293</size>
         <input_file_ref idref="fl-f"/>
      </object_component>
      <object_component id="oc-f0">
         <name>.debug_info</name>
         <load_address>0x5bab</load_address>
         <run_address>0x5bab</run_address>
         <size>0x57e</size>
         <input_file_ref idref="fl-f"/>
      </object_component>
      <object_component id="oc-13f">
         <name>.debug_info</name>
         <load_address>0x6129</load_address>
         <run_address>0x6129</run_address>
         <size>0x1e7</size>
         <input_file_ref idref="fl-10"/>
      </object_component>
      <object_component id="oc-146">
         <name>.debug_info</name>
         <load_address>0x6310</load_address>
         <run_address>0x6310</run_address>
         <size>0x1e3</size>
         <input_file_ref idref="fl-10"/>
      </object_component>
      <object_component id="oc-166">
         <name>.debug_info</name>
         <load_address>0x64f3</load_address>
         <run_address>0x64f3</run_address>
         <size>0x242</size>
         <input_file_ref idref="fl-10"/>
      </object_component>
      <object_component id="oc-14c">
         <name>.debug_info</name>
         <load_address>0x6735</load_address>
         <run_address>0x6735</run_address>
         <size>0x259</size>
         <input_file_ref idref="fl-10"/>
      </object_component>
      <object_component id="oc-152">
         <name>.debug_info</name>
         <load_address>0x698e</load_address>
         <run_address>0x698e</run_address>
         <size>0x238</size>
         <input_file_ref idref="fl-10"/>
      </object_component>
      <object_component id="oc-170">
         <name>.debug_info</name>
         <load_address>0x6bc6</load_address>
         <run_address>0x6bc6</run_address>
         <size>0x209</size>
         <input_file_ref idref="fl-10"/>
      </object_component>
      <object_component id="oc-15f">
         <name>.debug_info</name>
         <load_address>0x6dcf</load_address>
         <run_address>0x6dcf</run_address>
         <size>0x20b</size>
         <input_file_ref idref="fl-10"/>
      </object_component>
      <object_component id="oc-16a">
         <name>.debug_info</name>
         <load_address>0x6fda</load_address>
         <run_address>0x6fda</run_address>
         <size>0x203</size>
         <input_file_ref idref="fl-10"/>
      </object_component>
      <object_component id="oc-158">
         <name>.debug_info</name>
         <load_address>0x71dd</load_address>
         <run_address>0x71dd</run_address>
         <size>0x205</size>
         <input_file_ref idref="fl-10"/>
      </object_component>
      <object_component id="oc-176">
         <name>.debug_info</name>
         <load_address>0x73e2</load_address>
         <run_address>0x73e2</run_address>
         <size>0x1fc</size>
         <input_file_ref idref="fl-10"/>
      </object_component>
      <object_component id="oc-c6">
         <name>.debug_info</name>
         <load_address>0x75de</load_address>
         <run_address>0x75de</run_address>
         <size>0x35e</size>
         <input_file_ref idref="fl-10"/>
      </object_component>
      <object_component id="oc-197">
         <name>.debug_info</name>
         <load_address>0x793c</load_address>
         <run_address>0x793c</run_address>
         <size>0x1cf</size>
         <input_file_ref idref="fl-11"/>
      </object_component>
      <object_component id="oc-e6">
         <name>.debug_info</name>
         <load_address>0x7b0b</load_address>
         <run_address>0x7b0b</run_address>
         <size>0x247</size>
         <input_file_ref idref="fl-11"/>
      </object_component>
      <object_component id="oc-e0">
         <name>.debug_info</name>
         <load_address>0x7d52</load_address>
         <run_address>0x7d52</run_address>
         <size>0x230</size>
         <input_file_ref idref="fl-11"/>
      </object_component>
      <object_component id="oc-107">
         <name>.debug_info</name>
         <load_address>0x7f82</load_address>
         <run_address>0x7f82</run_address>
         <size>0x278</size>
         <input_file_ref idref="fl-11"/>
      </object_component>
      <object_component id="oc-ec">
         <name>.debug_info</name>
         <load_address>0x81fa</load_address>
         <run_address>0x81fa</run_address>
         <size>0x22c</size>
         <input_file_ref idref="fl-11"/>
      </object_component>
      <object_component id="oc-103">
         <name>.debug_info</name>
         <load_address>0x8426</load_address>
         <run_address>0x8426</run_address>
         <size>0x219</size>
         <input_file_ref idref="fl-11"/>
      </object_component>
      <object_component id="oc-117">
         <name>.debug_info</name>
         <load_address>0x863f</load_address>
         <run_address>0x863f</run_address>
         <size>0x1d1</size>
         <input_file_ref idref="fl-12"/>
      </object_component>
      <object_component id="oc-92">
         <name>.debug_info</name>
         <load_address>0x8810</load_address>
         <run_address>0x8810</run_address>
         <size>0x293</size>
         <input_file_ref idref="fl-12"/>
      </object_component>
      <object_component id="oc-98">
         <name>.debug_info</name>
         <load_address>0x8aa3</load_address>
         <run_address>0x8aa3</run_address>
         <size>0x208</size>
         <input_file_ref idref="fl-12"/>
      </object_component>
      <object_component id="oc-9b">
         <name>.debug_info</name>
         <load_address>0x8cab</load_address>
         <run_address>0x8cab</run_address>
         <size>0x214</size>
         <input_file_ref idref="fl-12"/>
      </object_component>
      <object_component id="oc-10f">
         <name>.debug_info</name>
         <load_address>0x8ebf</load_address>
         <run_address>0x8ebf</run_address>
         <size>0x1c8</size>
         <input_file_ref idref="fl-13"/>
      </object_component>
      <object_component id="oc-f8">
         <name>.debug_info</name>
         <load_address>0x9087</load_address>
         <run_address>0x9087</run_address>
         <size>0x1ca</size>
         <input_file_ref idref="fl-13"/>
      </object_component>
      <object_component id="oc-7e">
         <name>.debug_info</name>
         <load_address>0x9251</load_address>
         <run_address>0x9251</run_address>
         <size>0x1d9</size>
         <input_file_ref idref="fl-13"/>
      </object_component>
      <object_component id="oc-39">
         <name>.debug_info</name>
         <load_address>0x942a</load_address>
         <run_address>0x942a</run_address>
         <size>0x1e6</size>
         <input_file_ref idref="fl-13"/>
      </object_component>
      <object_component id="oc-46">
         <name>.debug_info</name>
         <load_address>0x9610</load_address>
         <run_address>0x9610</run_address>
         <size>0x1cc</size>
         <input_file_ref idref="fl-13"/>
      </object_component>
      <object_component id="oc-4b">
         <name>.debug_info</name>
         <load_address>0x97dc</load_address>
         <run_address>0x97dc</run_address>
         <size>0x1b2</size>
         <input_file_ref idref="fl-13"/>
      </object_component>
      <object_component id="oc-3e">
         <name>.debug_info</name>
         <load_address>0x998e</load_address>
         <run_address>0x998e</run_address>
         <size>0x1d6</size>
         <input_file_ref idref="fl-13"/>
      </object_component>
      <object_component id="oc-8a">
         <name>.debug_info</name>
         <load_address>0x9b64</load_address>
         <run_address>0x9b64</run_address>
         <size>0x27d</size>
         <input_file_ref idref="fl-13"/>
      </object_component>
      <object_component id="oc-26b">
         <name>.debug_info</name>
         <load_address>0x9de1</load_address>
         <run_address>0x9de1</run_address>
         <size>0x215</size>
         <input_file_ref idref="fl-14"/>
      </object_component>
      <object_component id="oc-180">
         <name>.debug_info</name>
         <load_address>0x9ff6</load_address>
         <run_address>0x9ff6</run_address>
         <size>0x1d8</size>
         <input_file_ref idref="fl-14"/>
      </object_component>
      <object_component id="oc-303">
         <name>.debug_info</name>
         <load_address>0xa1ce</load_address>
         <run_address>0xa1ce</run_address>
         <size>0x1ae</size>
         <input_file_ref idref="fl-14"/>
      </object_component>
      <object_component id="oc-30c">
         <name>.debug_info</name>
         <load_address>0xa37c</load_address>
         <run_address>0xa37c</run_address>
         <size>0x1d2</size>
         <input_file_ref idref="fl-14"/>
      </object_component>
      <object_component id="oc-2b3">
         <name>.debug_info</name>
         <load_address>0xa54e</load_address>
         <run_address>0xa54e</run_address>
         <size>0x1f0</size>
         <input_file_ref idref="fl-14"/>
      </object_component>
      <object_component id="oc-27d">
         <name>.debug_info</name>
         <load_address>0xa73e</load_address>
         <run_address>0xa73e</run_address>
         <size>0x1f2</size>
         <input_file_ref idref="fl-14"/>
      </object_component>
      <object_component id="oc-2a7">
         <name>.debug_info</name>
         <load_address>0xa930</load_address>
         <run_address>0xa930</run_address>
         <size>0x1fc</size>
         <input_file_ref idref="fl-14"/>
      </object_component>
      <object_component id="oc-2ad">
         <name>.debug_info</name>
         <load_address>0xab2c</load_address>
         <run_address>0xab2c</run_address>
         <size>0x1fa</size>
         <input_file_ref idref="fl-14"/>
      </object_component>
      <object_component id="oc-284">
         <name>.debug_info</name>
         <load_address>0xad26</load_address>
         <run_address>0xad26</run_address>
         <size>0x1fe</size>
         <input_file_ref idref="fl-14"/>
      </object_component>
      <object_component id="oc-28b">
         <name>.debug_info</name>
         <load_address>0xaf24</load_address>
         <run_address>0xaf24</run_address>
         <size>0x1fc</size>
         <input_file_ref idref="fl-14"/>
      </object_component>
      <object_component id="oc-2a1">
         <name>.debug_info</name>
         <load_address>0xb120</load_address>
         <run_address>0xb120</run_address>
         <size>0x223</size>
         <input_file_ref idref="fl-14"/>
      </object_component>
      <object_component id="oc-271">
         <name>.debug_info</name>
         <load_address>0xb343</load_address>
         <run_address>0xb343</run_address>
         <size>0x1f6</size>
         <input_file_ref idref="fl-14"/>
      </object_component>
      <object_component id="oc-278">
         <name>.debug_info</name>
         <load_address>0xb539</load_address>
         <run_address>0xb539</run_address>
         <size>0x1f4</size>
         <input_file_ref idref="fl-14"/>
      </object_component>
      <object_component id="oc-296">
         <name>.debug_info</name>
         <load_address>0xb72d</load_address>
         <run_address>0xb72d</run_address>
         <size>0x227</size>
         <input_file_ref idref="fl-14"/>
      </object_component>
      <object_component id="oc-28f">
         <name>.debug_info</name>
         <load_address>0xb954</load_address>
         <run_address>0xb954</run_address>
         <size>0x227</size>
         <input_file_ref idref="fl-14"/>
      </object_component>
      <object_component id="oc-29d">
         <name>.debug_info</name>
         <load_address>0xbb7b</load_address>
         <run_address>0xbb7b</run_address>
         <size>0x296</size>
         <input_file_ref idref="fl-14"/>
      </object_component>
      <object_component id="oc-2fd">
         <name>.debug_info</name>
         <load_address>0xbe11</load_address>
         <run_address>0xbe11</run_address>
         <size>0x212</size>
         <input_file_ref idref="fl-14"/>
      </object_component>
      <object_component id="oc-d3">
         <name>.debug_info</name>
         <load_address>0xc023</load_address>
         <run_address>0xc023</run_address>
         <size>0x241</size>
         <input_file_ref idref="fl-14"/>
      </object_component>
      <object_component id="oc-ce">
         <name>.debug_info</name>
         <load_address>0xc264</load_address>
         <run_address>0xc264</run_address>
         <size>0x31b</size>
         <input_file_ref idref="fl-14"/>
      </object_component>
      <object_component id="oc-25f">
         <name>.debug_info</name>
         <load_address>0xc57f</load_address>
         <run_address>0xc57f</run_address>
         <size>0x24a</size>
         <input_file_ref idref="fl-14"/>
      </object_component>
      <object_component id="oc-266">
         <name>.debug_info</name>
         <load_address>0xc7c9</load_address>
         <run_address>0xc7c9</run_address>
         <size>0x21b</size>
         <input_file_ref idref="fl-14"/>
      </object_component>
      <object_component id="oc-188">
         <name>.debug_info</name>
         <load_address>0xc9e4</load_address>
         <run_address>0xc9e4</run_address>
         <size>0x22f</size>
         <input_file_ref idref="fl-14"/>
      </object_component>
      <object_component id="oc-da">
         <name>.debug_info</name>
         <load_address>0xcc13</load_address>
         <run_address>0xcc13</run_address>
         <size>0x21b</size>
         <input_file_ref idref="fl-14"/>
      </object_component>
      <object_component id="oc-18d">
         <name>.debug_info</name>
         <load_address>0xce2e</load_address>
         <run_address>0xce2e</run_address>
         <size>0x42e</size>
         <input_file_ref idref="fl-14"/>
      </object_component>
      <object_component id="oc-b8">
         <name>.debug_info</name>
         <load_address>0xd25c</load_address>
         <run_address>0xd25c</run_address>
         <size>0x158</size>
         <input_file_ref idref="fl-20"/>
      </object_component>
      <object_component id="oc-1a8">
         <name>.debug_info</name>
         <load_address>0xd3b4</load_address>
         <run_address>0xd3b4</run_address>
         <size>0x127</size>
         <input_file_ref idref="fl-21"/>
      </object_component>
      <object_component id="oc-54">
         <name>.debug_info</name>
         <load_address>0xd4db</load_address>
         <run_address>0xd4db</run_address>
         <size>0x19b</size>
         <input_file_ref idref="fl-22"/>
      </object_component>
      <object_component id="oc-12b">
         <name>.debug_info</name>
         <load_address>0xd676</load_address>
         <run_address>0xd676</run_address>
         <size>0x14d</size>
         <input_file_ref idref="fl-23"/>
      </object_component>
      <object_component id="oc-215">
         <name>.debug_info</name>
         <load_address>0xd7c3</load_address>
         <run_address>0xd7c3</run_address>
         <size>0x1bf</size>
         <input_file_ref idref="fl-24"/>
      </object_component>
      <object_component id="oc-5b">
         <name>.debug_info</name>
         <load_address>0xd982</load_address>
         <run_address>0xd982</run_address>
         <size>0x1b6</size>
         <input_file_ref idref="fl-25"/>
      </object_component>
      <object_component id="oc-1a">
         <name>.debug_info</name>
         <load_address>0xdb38</load_address>
         <run_address>0xdb38</run_address>
         <size>0x1b7</size>
         <input_file_ref idref="fl-26"/>
      </object_component>
      <object_component id="oc-14">
         <name>.debug_info</name>
         <load_address>0xdcef</load_address>
         <run_address>0xdcef</run_address>
         <size>0x219</size>
         <input_file_ref idref="fl-27"/>
      </object_component>
      <object_component id="oc-247">
         <name>.debug_info</name>
         <load_address>0xdf08</load_address>
         <run_address>0xdf08</run_address>
         <size>0x19e</size>
         <input_file_ref idref="fl-28"/>
      </object_component>
      <object_component id="oc-139">
         <name>.debug_info</name>
         <load_address>0xe0a6</load_address>
         <run_address>0xe0a6</run_address>
         <size>0x1a9</size>
         <input_file_ref idref="fl-28"/>
      </object_component>
      <object_component id="oc-24a">
         <name>.debug_info</name>
         <load_address>0xe24f</load_address>
         <run_address>0xe24f</run_address>
         <size>0x107</size>
         <input_file_ref idref="fl-29"/>
      </object_component>
      <object_component id="oc-324">
         <name>.debug_info</name>
         <load_address>0xe356</load_address>
         <run_address>0xe356</run_address>
         <size>0x10b</size>
         <input_file_ref idref="fl-29"/>
      </object_component>
      <object_component id="oc-2f2">
         <name>.debug_info</name>
         <load_address>0xe461</load_address>
         <run_address>0xe461</run_address>
         <size>0x203</size>
         <input_file_ref idref="fl-29"/>
      </object_component>
      <object_component id="oc-135">
         <name>.debug_info</name>
         <load_address>0xe664</load_address>
         <run_address>0xe664</run_address>
         <size>0x15d</size>
         <input_file_ref idref="fl-2a"/>
      </object_component>
      <object_component id="oc-2d9">
         <name>.debug_info</name>
         <load_address>0xe7c1</load_address>
         <run_address>0xe7c1</run_address>
         <size>0x147</size>
         <input_file_ref idref="fl-2d"/>
      </object_component>
      <object_component id="oc-362">
         <name>.debug_info</name>
         <load_address>0xe908</load_address>
         <run_address>0xe908</run_address>
         <size>0xaa</size>
      </object_component>
      <object_component id="oc-82">
         <name>.debug_line</name>
         <load_address>0x0</load_address>
         <run_address>0x0</run_address>
         <size>0x243</size>
         <input_file_ref idref="fl-2"/>
      </object_component>
      <object_component id="oc-208">
         <name>.debug_line</name>
         <load_address>0x243</load_address>
         <run_address>0x243</run_address>
         <size>0xa4</size>
         <input_file_ref idref="fl-2"/>
      </object_component>
      <object_component id="oc-c0">
         <name>.debug_line</name>
         <load_address>0x2e7</load_address>
         <run_address>0x2e7</run_address>
         <size>0x38</size>
         <input_file_ref idref="fl-4"/>
      </object_component>
      <object_component id="oc-be">
         <name>.debug_line</name>
         <load_address>0x31f</load_address>
         <run_address>0x31f</run_address>
         <size>0x38</size>
         <input_file_ref idref="fl-4"/>
      </object_component>
      <object_component id="oc-33">
         <name>.debug_line</name>
         <load_address>0x357</load_address>
         <run_address>0x357</run_address>
         <size>0x3e7</size>
         <input_file_ref idref="fl-4"/>
      </object_component>
      <object_component id="oc-2e">
         <name>.debug_line</name>
         <load_address>0x73e</load_address>
         <run_address>0x73e</run_address>
         <size>0x90</size>
         <input_file_ref idref="fl-4"/>
      </object_component>
      <object_component id="oc-c2">
         <name>.debug_line</name>
         <load_address>0x7ce</load_address>
         <run_address>0x7ce</run_address>
         <size>0x1b4</size>
         <input_file_ref idref="fl-4"/>
      </object_component>
      <object_component id="oc-79">
         <name>.debug_line</name>
         <load_address>0x982</load_address>
         <run_address>0x982</run_address>
         <size>0x2d8</size>
         <input_file_ref idref="fl-5"/>
      </object_component>
      <object_component id="oc-202">
         <name>.debug_line</name>
         <load_address>0xc5a</load_address>
         <run_address>0xc5a</run_address>
         <size>0x64</size>
         <input_file_ref idref="fl-5"/>
      </object_component>
      <object_component id="oc-21">
         <name>.debug_line</name>
         <load_address>0xcbe</load_address>
         <run_address>0xcbe</run_address>
         <size>0x55</size>
         <input_file_ref idref="fl-6"/>
      </object_component>
      <object_component id="oc-67">
         <name>.debug_line</name>
         <load_address>0xd13</load_address>
         <run_address>0xd13</run_address>
         <size>0x5d</size>
         <input_file_ref idref="fl-6"/>
      </object_component>
      <object_component id="oc-1a3">
         <name>.debug_line</name>
         <load_address>0xd70</load_address>
         <run_address>0xd70</run_address>
         <size>0x85</size>
         <input_file_ref idref="fl-f"/>
      </object_component>
      <object_component id="oc-1f1">
         <name>.debug_line</name>
         <load_address>0xdf5</load_address>
         <run_address>0xdf5</run_address>
         <size>0x88</size>
         <input_file_ref idref="fl-f"/>
      </object_component>
      <object_component id="oc-1bc">
         <name>.debug_line</name>
         <load_address>0xe7d</load_address>
         <run_address>0xe7d</run_address>
         <size>0x88</size>
         <input_file_ref idref="fl-f"/>
      </object_component>
      <object_component id="oc-1e5">
         <name>.debug_line</name>
         <load_address>0xf05</load_address>
         <run_address>0xf05</run_address>
         <size>0x88</size>
         <input_file_ref idref="fl-f"/>
      </object_component>
      <object_component id="oc-1e8">
         <name>.debug_line</name>
         <load_address>0xf8d</load_address>
         <run_address>0xf8d</run_address>
         <size>0x88</size>
         <input_file_ref idref="fl-f"/>
      </object_component>
      <object_component id="oc-1bf">
         <name>.debug_line</name>
         <load_address>0x1015</load_address>
         <run_address>0x1015</run_address>
         <size>0x88</size>
         <input_file_ref idref="fl-f"/>
      </object_component>
      <object_component id="oc-1c4">
         <name>.debug_line</name>
         <load_address>0x109d</load_address>
         <run_address>0x109d</run_address>
         <size>0x88</size>
         <input_file_ref idref="fl-f"/>
      </object_component>
      <object_component id="oc-1df">
         <name>.debug_line</name>
         <load_address>0x1125</load_address>
         <run_address>0x1125</run_address>
         <size>0x8e</size>
         <input_file_ref idref="fl-f"/>
      </object_component>
      <object_component id="oc-1fe">
         <name>.debug_line</name>
         <load_address>0x11b3</load_address>
         <run_address>0x11b3</run_address>
         <size>0x86</size>
         <input_file_ref idref="fl-f"/>
      </object_component>
      <object_component id="oc-1f7">
         <name>.debug_line</name>
         <load_address>0x1239</load_address>
         <run_address>0x1239</run_address>
         <size>0x86</size>
         <input_file_ref idref="fl-f"/>
      </object_component>
      <object_component id="oc-1b0">
         <name>.debug_line</name>
         <load_address>0x12bf</load_address>
         <run_address>0x12bf</run_address>
         <size>0x88</size>
         <input_file_ref idref="fl-f"/>
      </object_component>
      <object_component id="oc-1b6">
         <name>.debug_line</name>
         <load_address>0x1347</load_address>
         <run_address>0x1347</run_address>
         <size>0x88</size>
         <input_file_ref idref="fl-f"/>
      </object_component>
      <object_component id="oc-1d4">
         <name>.debug_line</name>
         <load_address>0x13cf</load_address>
         <run_address>0x13cf</run_address>
         <size>0x88</size>
         <input_file_ref idref="fl-f"/>
      </object_component>
      <object_component id="oc-1ce">
         <name>.debug_line</name>
         <load_address>0x1457</load_address>
         <run_address>0x1457</run_address>
         <size>0x88</size>
         <input_file_ref idref="fl-f"/>
      </object_component>
      <object_component id="oc-1d6">
         <name>.debug_line</name>
         <load_address>0x14df</load_address>
         <run_address>0x14df</run_address>
         <size>0x92</size>
         <input_file_ref idref="fl-f"/>
      </object_component>
      <object_component id="oc-f3">
         <name>.debug_line</name>
         <load_address>0x1571</load_address>
         <run_address>0x1571</run_address>
         <size>0xae</size>
         <input_file_ref idref="fl-f"/>
      </object_component>
      <object_component id="oc-2d0">
         <name>.debug_line</name>
         <load_address>0x161f</load_address>
         <run_address>0x161f</run_address>
         <size>0xbf</size>
         <input_file_ref idref="fl-f"/>
      </object_component>
      <object_component id="oc-143">
         <name>.debug_line</name>
         <load_address>0x16de</load_address>
         <run_address>0x16de</run_address>
         <size>0x87</size>
         <input_file_ref idref="fl-10"/>
      </object_component>
      <object_component id="oc-149">
         <name>.debug_line</name>
         <load_address>0x1765</load_address>
         <run_address>0x1765</run_address>
         <size>0x87</size>
         <input_file_ref idref="fl-10"/>
      </object_component>
      <object_component id="oc-165">
         <name>.debug_line</name>
         <load_address>0x17ec</load_address>
         <run_address>0x17ec</run_address>
         <size>0x8b</size>
         <input_file_ref idref="fl-10"/>
      </object_component>
      <object_component id="oc-150">
         <name>.debug_line</name>
         <load_address>0x1877</load_address>
         <run_address>0x1877</run_address>
         <size>0x8a</size>
         <input_file_ref idref="fl-10"/>
      </object_component>
      <object_component id="oc-155">
         <name>.debug_line</name>
         <load_address>0x1901</load_address>
         <run_address>0x1901</run_address>
         <size>0x8a</size>
         <input_file_ref idref="fl-10"/>
      </object_component>
      <object_component id="oc-173">
         <name>.debug_line</name>
         <load_address>0x198b</load_address>
         <run_address>0x198b</run_address>
         <size>0x8a</size>
         <input_file_ref idref="fl-10"/>
      </object_component>
      <object_component id="oc-162">
         <name>.debug_line</name>
         <load_address>0x1a15</load_address>
         <run_address>0x1a15</run_address>
         <size>0x8a</size>
         <input_file_ref idref="fl-10"/>
      </object_component>
      <object_component id="oc-16d">
         <name>.debug_line</name>
         <load_address>0x1a9f</load_address>
         <run_address>0x1a9f</run_address>
         <size>0x8a</size>
         <input_file_ref idref="fl-10"/>
      </object_component>
      <object_component id="oc-15b">
         <name>.debug_line</name>
         <load_address>0x1b29</load_address>
         <run_address>0x1b29</run_address>
         <size>0x8a</size>
         <input_file_ref idref="fl-10"/>
      </object_component>
      <object_component id="oc-179">
         <name>.debug_line</name>
         <load_address>0x1bb3</load_address>
         <run_address>0x1bb3</run_address>
         <size>0x8a</size>
         <input_file_ref idref="fl-10"/>
      </object_component>
      <object_component id="oc-c9">
         <name>.debug_line</name>
         <load_address>0x1c3d</load_address>
         <run_address>0x1c3d</run_address>
         <size>0x92</size>
         <input_file_ref idref="fl-10"/>
      </object_component>
      <object_component id="oc-259">
         <name>.debug_line</name>
         <load_address>0x1ccf</load_address>
         <run_address>0x1ccf</run_address>
         <size>0xc1</size>
         <input_file_ref idref="fl-10"/>
      </object_component>
      <object_component id="oc-196">
         <name>.debug_line</name>
         <load_address>0x1d90</load_address>
         <run_address>0x1d90</run_address>
         <size>0x86</size>
         <input_file_ref idref="fl-11"/>
      </object_component>
      <object_component id="oc-e5">
         <name>.debug_line</name>
         <load_address>0x1e16</load_address>
         <run_address>0x1e16</run_address>
         <size>0x90</size>
         <input_file_ref idref="fl-11"/>
      </object_component>
      <object_component id="oc-df">
         <name>.debug_line</name>
         <load_address>0x1ea6</load_address>
         <run_address>0x1ea6</run_address>
         <size>0x9f</size>
         <input_file_ref idref="fl-11"/>
      </object_component>
      <object_component id="oc-10a">
         <name>.debug_line</name>
         <load_address>0x1f45</load_address>
         <run_address>0x1f45</run_address>
         <size>0x8d</size>
         <input_file_ref idref="fl-11"/>
      </object_component>
      <object_component id="oc-ee">
         <name>.debug_line</name>
         <load_address>0x1fd2</load_address>
         <run_address>0x1fd2</run_address>
         <size>0x91</size>
         <input_file_ref idref="fl-11"/>
      </object_component>
      <object_component id="oc-102">
         <name>.debug_line</name>
         <load_address>0x2063</load_address>
         <run_address>0x2063</run_address>
         <size>0x8d</size>
         <input_file_ref idref="fl-11"/>
      </object_component>
      <object_component id="oc-2bd">
         <name>.debug_line</name>
         <load_address>0x20f0</load_address>
         <run_address>0x20f0</run_address>
         <size>0xc0</size>
         <input_file_ref idref="fl-11"/>
      </object_component>
      <object_component id="oc-119">
         <name>.debug_line</name>
         <load_address>0x21b0</load_address>
         <run_address>0x21b0</run_address>
         <size>0x85</size>
         <input_file_ref idref="fl-12"/>
      </object_component>
      <object_component id="oc-90">
         <name>.debug_line</name>
         <load_address>0x2235</load_address>
         <run_address>0x2235</run_address>
         <size>0xa4</size>
         <input_file_ref idref="fl-12"/>
      </object_component>
      <object_component id="oc-96">
         <name>.debug_line</name>
         <load_address>0x22d9</load_address>
         <run_address>0x22d9</run_address>
         <size>0x96</size>
         <input_file_ref idref="fl-12"/>
      </object_component>
      <object_component id="oc-9f">
         <name>.debug_line</name>
         <load_address>0x236f</load_address>
         <run_address>0x236f</run_address>
         <size>0x90</size>
         <input_file_ref idref="fl-12"/>
      </object_component>
      <object_component id="oc-20d">
         <name>.debug_line</name>
         <load_address>0x23ff</load_address>
         <run_address>0x23ff</run_address>
         <size>0xbf</size>
         <input_file_ref idref="fl-12"/>
      </object_component>
      <object_component id="oc-112">
         <name>.debug_line</name>
         <load_address>0x24be</load_address>
         <run_address>0x24be</run_address>
         <size>0x8b</size>
         <input_file_ref idref="fl-13"/>
      </object_component>
      <object_component id="oc-fc">
         <name>.debug_line</name>
         <load_address>0x2549</load_address>
         <run_address>0x2549</run_address>
         <size>0x8b</size>
         <input_file_ref idref="fl-13"/>
      </object_component>
      <object_component id="oc-7c">
         <name>.debug_line</name>
         <load_address>0x25d4</load_address>
         <run_address>0x25d4</run_address>
         <size>0xa6</size>
         <input_file_ref idref="fl-13"/>
      </object_component>
      <object_component id="oc-3c">
         <name>.debug_line</name>
         <load_address>0x267a</load_address>
         <run_address>0x267a</run_address>
         <size>0x91</size>
         <input_file_ref idref="fl-13"/>
      </object_component>
      <object_component id="oc-44">
         <name>.debug_line</name>
         <load_address>0x270b</load_address>
         <run_address>0x270b</run_address>
         <size>0x89</size>
         <input_file_ref idref="fl-13"/>
      </object_component>
      <object_component id="oc-4a">
         <name>.debug_line</name>
         <load_address>0x2794</load_address>
         <run_address>0x2794</run_address>
         <size>0x89</size>
         <input_file_ref idref="fl-13"/>
      </object_component>
      <object_component id="oc-41">
         <name>.debug_line</name>
         <load_address>0x281d</load_address>
         <run_address>0x281d</run_address>
         <size>0x9f</size>
         <input_file_ref idref="fl-13"/>
      </object_component>
      <object_component id="oc-89">
         <name>.debug_line</name>
         <load_address>0x28bc</load_address>
         <run_address>0x28bc</run_address>
         <size>0x9f</size>
         <input_file_ref idref="fl-13"/>
      </object_component>
      <object_component id="oc-120">
         <name>.debug_line</name>
         <load_address>0x295b</load_address>
         <run_address>0x295b</run_address>
         <size>0x21</size>
         <input_file_ref idref="fl-13"/>
      </object_component>
      <object_component id="oc-26e">
         <name>.debug_line</name>
         <load_address>0x297c</load_address>
         <run_address>0x297c</run_address>
         <size>0x8c</size>
         <input_file_ref idref="fl-14"/>
      </object_component>
      <object_component id="oc-183">
         <name>.debug_line</name>
         <load_address>0x2a08</load_address>
         <run_address>0x2a08</run_address>
         <size>0x88</size>
         <input_file_ref idref="fl-14"/>
      </object_component>
      <object_component id="oc-306">
         <name>.debug_line</name>
         <load_address>0x2a90</load_address>
         <run_address>0x2a90</run_address>
         <size>0x8a</size>
         <input_file_ref idref="fl-14"/>
      </object_component>
      <object_component id="oc-30f">
         <name>.debug_line</name>
         <load_address>0x2b1a</load_address>
         <run_address>0x2b1a</run_address>
         <size>0x85</size>
         <input_file_ref idref="fl-14"/>
      </object_component>
      <object_component id="oc-2b6">
         <name>.debug_line</name>
         <load_address>0x2b9f</load_address>
         <run_address>0x2b9f</run_address>
         <size>0x88</size>
         <input_file_ref idref="fl-14"/>
      </object_component>
      <object_component id="oc-280">
         <name>.debug_line</name>
         <load_address>0x2c27</load_address>
         <run_address>0x2c27</run_address>
         <size>0x88</size>
         <input_file_ref idref="fl-14"/>
      </object_component>
      <object_component id="oc-2aa">
         <name>.debug_line</name>
         <load_address>0x2caf</load_address>
         <run_address>0x2caf</run_address>
         <size>0x88</size>
         <input_file_ref idref="fl-14"/>
[...]
         <attributes>RWIX</attributes>
         <usage_details>
         </usage_details>
      </memory_area>
      <memory_area display="yes" color="green">
         <name>FLASH_BANK1_SEC12</name>
         <page_id>0x0</page_id>
         <origin>0x9c000</origin>
         <length>0x1000</length>
         <used_space>0x0</used_space>
         <unused_space>0x1000</unused_space>
         <attributes>RWIX</attributes>
         <usage_details>
         </usage_details>
      </memory_area>
      <memory_area display="yes" color="green">
         <name>FLASH_BANK1_SEC13</name>
         <page_id>0x0</page_id>
         <origin>0x9d000</origin>
         <length>0x1000</length>
         <used_space>0x0</used_space>
         <unused_space>0x1000</unused_space>
         <attributes>RWIX</attributes>
         <usage_details>
         </usage_details>
      </memory_area>
      <memory_area display="yes" color="green">
         <name>FLASH_BANK1_SEC14</name>
         <page_id>0x0</page_id>
         <origin>0x9e000</origin>
         <length>0x1000</length>
         <used_space>0x0</used_space>
         <unused_space>0x1000</unused_space>
         <attributes>RWIX</attributes>
         <usage_details>
         </usage_details>
      </memory_area>
      <memory_area display="yes" color="green">
         <name>FLASH_BANK1_SEC15</name>
         <page_id>0x0</page_id>
         <origin>0x9f000</origin>
         <length>0xff0</length>
         <used_space>0x0</used_space>
         <unused_space>0xff0</unused_space>
         <attributes>RWIX</attributes>
         <usage_details>
         </usage_details>
      </memory_area>
      <memory_area display="no" color="green">
         <name>RESET</name>
         <page_id>0x0</page_id>
         <origin>0x3fffc0</origin>
         <length>0x2</length>
         <used_space>0x0</used_space>
         <unused_space>0x2</unused_space>
         <attributes>RWIX</attributes>
         <usage_details>
         </usage_details>
      </memory_area>
      <memory_area display="yes" color="green">
         <name>BOOT_RSVD</name>
         <page_id>0x1</page_id>
         <origin>0x2</origin>
         <length>0xf1</length>
         <used_space>0x0</used_space>
         <unused_space>0xf1</unused_space>
         <attributes>RWIX</attributes>
         <usage_details>
         </usage_details>
      </memory_area>
      <memory_area display="yes" color="green">
         <name>RAMM1</name>
         <page_id>0x1</page_id>
         <origin>0x400</origin>
         <length>0x3f8</length>
         <used_space>0x3f8</used_space>
         <unused_space>0x0</unused_space>
         <attributes>RWIX</attributes>
         <usage_details>
            <allocated_space>
               <start_address>0x400</start_address>
               <size>0x3f8</size>
               <logical_group_ref idref="lg-7"/>
            </allocated_space>
         </usage_details>
      </memory_area>
      <memory_area display="yes" color="green">
         <name>RAMLS5</name>
         <page_id>0x1</page_id>
         <origin>0xa800</origin>
         <length>0x800</length>
         <used_space>0x34</used_space>
         <unused_space>0x7cc</unused_space>
         <attributes>RWIX</attributes>
         <usage_details>
            <allocated_space>
               <start_address>0xa800</start_address>
               <size>0x32</size>
               <logical_group_ref idref="lg-c"/>
            </allocated_space>
            <allocated_space>
               <start_address>0xa832</start_address>
               <size>0x2</size>
               <logical_group_ref idref="lg-9"/>
            </allocated_space>
            <available_space>
               <start_address>0xa834</start_address>
               <size>0x7cc</size>
            </available_space>
         </usage_details>
      </memory_area>
      <memory_area display="yes" color="green">
         <name>RAMLS6</name>
         <page_id>0x1</page_id>
         <origin>0xb000</origin>
         <length>0x800</length>
         <used_space>0x0</used_space>
         <unused_space>0x800</unused_space>
         <attributes>RWIX</attributes>
         <usage_details>
         </usage_details>
      </memory_area>
      <memory_area display="yes" color="green">
         <name>RAMLS7</name>
         <page_id>0x1</page_id>
         <origin>0xb800</origin>
         <length>0x800</length>
         <used_space>0x0</used_space>
         <unused_space>0x800</unused_space>
         <attributes>RWIX</attributes>
         <usage_details>
         </usage_details>
      </memory_area>
      <memory_area display="yes" color="green">
         <name>RAMGS0</name>
         <page_id>0x1</page_id>
         <origin>0xc000</origin>
         <length>0x2000</length>
         <used_space>0x0</used_space>
         <unused_space>0x2000</unused_space>
         <attributes>RWIX</attributes>
         <usage_details>
         </usage_details>
      </memory_area>
      <memory_area display="yes" color="green">
         <name>RAMGS1</name>
         <page_id>0x1</page_id>
         <origin>0xe000</origin>
         <length>0x2000</length>
         <used_space>0x0</used_space>
         <unused_space>0x2000</unused_space>
         <attributes>RWIX</attributes>
         <usage_details>
         </usage_details>
      </memory_area>
      <memory_area display="yes" color="green">
         <name>RAMGS2</name>
         <page_id>0x1</page_id>
         <origin>0x10000</origin>
         <length>0x2000</length>
         <used_space>0x0</used_space>
         <unused_space>0x2000</unused_space>
         <attributes>RWIX</attributes>
         <usage_details>
         </usage_details>
      </memory_area>
      <memory_area display="yes" color="green">
         <name>RAMGS3</name>
         <page_id>0x1</page_id>
         <origin>0x12000</origin>
         <length>0x1ff8</length>
         <used_space>0x0</used_space>
         <unused_space>0x1ff8</unused_space>
         <attributes>RWIX</attributes>
         <usage_details>
         </usage_details>
      </memory_area>
   </placement_map>
   <cptbl_list>
      <cptbl>
         <name>__TI_cinit_table</name>
         <cprec>
            <name>.data</name>
            <load_address>0x8112c</load_address>
            <load_size>0x1e</load_size>
            <run_address>0xa800</run_address>
            <run_size>0x32</run_size>
            <compression>lzss</compression>
         </cprec>
         <cprec>
            <name>.bss</name>
            <load_address>0x81150</load_address>
            <load_size>0x4</load_size>
            <run_address>0xa832</run_address>
            <run_size>0x2</run_size>
            <compression>zero_init</compression>
         </cprec>
      </cptbl>
   </cptbl_list>
   <handler_table>
      <handler_table_name>__TI_handler_table</handler_table_name>
      <handler>
         <index>0x0</index>
         <name>__TI_zero_init</name>
      </handler>
      <handler>
         <index>0x1</index>
         <name>__TI_decompress_lzss</name>
      </handler>
      <handler>
         <index>0x2</index>
         <name>__TI_decompress_none</name>
      </handler>
   </handler_table>
   <symbol_table>
      <symbol id="sm-1">
         <name>RamfuncsLoadStart</name>
         <value>0x81000</value>
      </symbol>
      <symbol id="sm-2">
         <name>RamfuncsLoadSize</name>
         <value>0x129</value>
      </symbol>
      <symbol id="sm-3">
         <name>RamfuncsLoadEnd</name>
         <value>0x81129</value>
      </symbol>
      <symbol id="sm-4">
         <name>RamfuncsRunStart</name>
         <value>0x8000</value>
      </symbol>
      <symbol id="sm-5">
         <name>RamfuncsRunSize</name>
         <value>0x129</value>
      </symbol>
      <symbol id="sm-6">
         <name>RamfuncsRunEnd</name>
         <value>0x8129</value>
      </symbol>
      <symbol id="sm-7">
         <name>__TI_CINIT_Base</name>
         <value>0x81154</value>
      </symbol>
      <symbol id="sm-8">
         <name>__TI_CINIT_Limit</name>
         <value>0x8115c</value>
      </symbol>
      <symbol id="sm-9">
         <name>__TI_CINIT_Warm</name>
         <value>0x8115c</value>
      </symbol>
      <symbol id="sm-a">
         <name>__TI_Handler_Table_Base</name>
         <value>0x8114a</value>
      </symbol>
      <symbol id="sm-b">
         <name>__TI_Handler_Table_Limit</name>
         <value>0x81150</value>
      </symbol>
      <symbol id="sm-c">
         <name>__TI_STACK_SIZE</name>
         <value>0x3f8</value>
      </symbol>
      <symbol id="sm-d">
         <name>__TI_STACK_END</name>
         <value>0x7f8</value>
      </symbol>
      <symbol id="sm-e">
         <name>__TI_pprof_out_hndl</name>
         <value>0xffffffff</value>
      </symbol>
      <symbol id="sm-f">
         <name>__TI_prof_data_start</name>
         <value>0xffffffff</value>
      </symbol>
      <symbol id="sm-10">
         <name>__TI_prof_data_size</name>
         <value>0xffffffff</value>
      </symbol>
      <symbol id="sm-56">
         <name>I2C_init</name>
         <value>0x8260f</value>
         <object_component_ref idref="oc-81"/>
      </symbol>
      <symbol id="sm-57">
         <name>PinMux_init</name>
         <value>0x825f0</value>
         <object_component_ref idref="oc-81"/>
      </symbol>
      <symbol id="sm-58">
         <name>Board_init</name>
         <value>0x825e9</value>
         <object_component_ref idref="oc-81"/>
      </symbol>
      <symbol id="sm-59">
         <name>myI2C0_init</name>
         <value>0x82612</value>
         <object_component_ref idref="oc-81"/>
      </symbol>
      <symbol id="sm-bc">
         <name>i2cMsgIn</name>
         <value>0xa815</value>
         <object_component_ref idref="oc-6f"/>
      </symbol>
      <symbol id="sm-bd">
         <name>failCount</name>
         <value>0xa801</value>
         <object_component_ref idref="oc-6f"/>
      </symbol>
      <symbol id="sm-be">
         <name>writeData</name>
         <value>0x821f9</value>
         <object_component_ref idref="oc-31"/>
      </symbol>
      <symbol id="sm-bf">
         <name>main</name>
         <value>0x82194</value>
         <object_component_ref idref="oc-31"/>
      </symbol>
      <symbol id="sm-c0">
         <name>passCount</name>
         <value>0xa800</value>
         <object_component_ref idref="oc-6f"/>
      </symbol>
      <symbol id="sm-c1">
         <name>initI2C</name>
         <value>0x821c0</value>
         <object_component_ref idref="oc-31"/>
      </symbol>
      <symbol id="sm-c2">
         <name>i2cAISR</name>
         <value>0x82935</value>
         <object_component_ref idref="oc-2b"/>
      </symbol>
      <symbol id="sm-c3">
         <name>pass</name>
         <value>0x82298</value>
         <object_component_ref idref="oc-31"/>
      </symbol>
      <symbol id="sm-c4">
         <name>fail</name>
         <value>0x8229a</value>
         <object_component_ref idref="oc-31"/>
      </symbol>
      <symbol id="sm-c5">
         <name>readData</name>
         <value>0x82246</value>
         <object_component_ref idref="oc-31"/>
      </symbol>
      <symbol id="sm-c6">
         <name>currentMsgPtr</name>
         <value>0xa832</value>
         <object_component_ref idref="oc-6c"/>
      </symbol>
      <symbol id="sm-c7">
         <name>i2cMsgOut</name>
         <value>0xa802</value>
         <object_component_ref idref="oc-6f"/>
      </symbol>
      <symbol id="sm-e8">
         <name>Device_enableAllPeripherals</name>
         <value>0x82389</value>
         <object_component_ref idref="oc-75"/>
      </symbol>
      <symbol id="sm-e9">
         <name>Device_verifyXTAL</name>
         <value>0x82479</value>
         <object_component_ref idref="oc-75"/>
      </symbol>
      <symbol id="sm-ea">
         <name>Device_initGPIO</name>
         <value>0x82469</value>
         <object_component_ref idref="oc-75"/>
      </symbol>
      <symbol id="sm-eb">
         <name>Device_init</name>
         <value>0x82327</value>
         <object_component_ref idref="oc-75"/>
      </symbol>
      <symbol id="sm-ec">
         <name>__error__</name>
         <value>0x824ac</value>
         <object_component_ref idref="oc-75"/>
      </symbol>
      <symbol id="sm-fb">
         <name>code_start</name>
         <value>0x80000</value>
         <object_component_ref idref="oc-20"/>
      </symbol>
      <symbol id="sm-1a6">
         <name>DCC_verifyClockFrequency</name>
         <value>0x8265d</value>
         <object_component_ref idref="oc-ef"/>
      </symbol>
      <symbol id="sm-216">
         <name>Flash_initModule</name>
         <value>0x8000</value>
         <object_component_ref idref="oc-c5"/>
      </symbol>
      <symbol id="sm-25c">
         <name>GPIO_setQualificationMode</name>
         <value>0x82d1f</value>
         <object_component_ref idref="oc-105"/>
      </symbol>
      <symbol id="sm-25d">
         <name>GPIO_setPadConfig</name>
         <value>0x82b51</value>
         <object_component_ref idref="oc-dd"/>
      </symbol>
      <symbol id="sm-25e">
         <name>GPIO_setAnalogMode</name>
         <value>0x82cae</value>
         <object_component_ref idref="oc-e9"/>
      </symbol>
      <symbol id="sm-25f">
         <name>GPIO_setDirectionMode</name>
         <value>0x82d8d</value>
         <object_component_ref idref="oc-e3"/>
      </symbol>
      <symbol id="sm-260">
         <name>GPIO_setPinConfig</name>
         <value>0x82ce8</value>
         <object_component_ref idref="oc-ff"/>
      </symbol>
      <symbol id="sm-297">
         <name>I2C_clearInterruptStatus</name>
         <value>0x82ed9</value>
         <object_component_ref idref="oc-9a"/>
      </symbol>
      <symbol id="sm-298">
         <name>I2C_initController</name>
         <value>0x82a8f</value>
         <object_component_ref idref="oc-8e"/>
      </symbol>
      <symbol id="sm-299">
         <name>I2C_enableInterrupt</name>
         <value>0x82e19</value>
         <object_component_ref idref="oc-94"/>
      </symbol>
      <symbol id="sm-2e8">
         <name>Interrupt_defaultHandler</name>
         <value>0x83086</value>
         <object_component_ref idref="oc-37"/>
      </symbol>
      <symbol id="sm-2e9">
         <name>Interrupt_initModule</name>
         <value>0x82c71</value>
         <object_component_ref idref="oc-7b"/>
      </symbol>
      <symbol id="sm-2ea">
         <name>Interrupt_nmiHandler</name>
         <value>0x8323f</value>
         <object_component_ref idref="oc-49"/>
      </symbol>
      <symbol id="sm-2eb">
         <name>Interrupt_enable</name>
         <value>0x82d56</value>
         <object_component_ref idref="oc-87"/>
      </symbol>
      <symbol id="sm-2ec">
         <name>Interrupt_initVectorTable</name>
         <value>0x82f37</value>
         <object_component_ref idref="oc-3d"/>
      </symbol>
      <symbol id="sm-2ed">
         <name>Interrupt_illegalOperationHandler</name>
         <value>0x83235</value>
         <object_component_ref idref="oc-43"/>
      </symbol>
      <symbol id="sm-401">
         <name>SysCtl_isPLLValid</name>
         <value>0x827f0</value>
         <object_component_ref idref="oc-18a"/>
      </symbol>
      <symbol id="sm-402">
         <name>SysCtl_delay</name>
         <value>0x8125</value>
         <object_component_ref idref="oc-8d"/>
      </symbol>
      <symbol id="sm-403">
         <name>SysCtl_selectXTALSingleEnded</name>
         <value>0x82e6c</value>
         <object_component_ref idref="oc-262"/>
      </symbol>
      <symbol id="sm-404">
         <name>SysCtl_selectXTAL</name>
         <value>0x82c31</value>
         <object_component_ref idref="oc-25c"/>
      </symbol>
      <symbol id="sm-405">
         <name>SysCtl_selectOscSource</name>
         <value>0x82ba3</value>
         <object_component_ref idref="oc-184"/>
      </symbol>
      <symbol id="sm-406">
         <name>SysCtl_getLowSpeedClock</name>
         <value>0x82fe2</value>
         <object_component_ref idref="oc-d7"/>
      </symbol>
      <symbol id="sm-407">
         <name>SysCtl_setClock</name>
         <value>0x82728</value>
         <object_component_ref idref="oc-cb"/>
      </symbol>
      <symbol id="sm-408">
         <name>SysCtl_getClock</name>
         <value>0x82af3</value>
         <object_component_ref idref="oc-d1"/>
      </symbol>
      <symbol id="sm-412">
         <name>_c_int00</name>
         <value>0x83017</value>
         <object_component_ref idref="oc-b7"/>
      </symbol>
      <symbol id="sm-413">
         <name>__stack</name>
         <value>0x400</value>
         <object_component_ref idref="oc-4f"/>
      </symbol>
      <symbol id="sm-420">
         <name>__c28xabi_divf</name>
         <value>0x828ad</value>
         <object_component_ref idref="oc-1a6"/>
      </symbol>
      <symbol id="sm-432">
         <name>memcpy</name>
         <value>0x82f55</value>
         <object_component_ref idref="oc-52"/>
      </symbol>
      <symbol id="sm-43f">
         <name>_system_pre_init</name>
         <value>0x82ffc</value>
         <object_component_ref idref="oc-12a"/>
      </symbol>
      <symbol id="sm-44e">
         <name>__TI_auto_init_nobinit_nopinit</name>
         <value>0x82dee</value>
         <object_component_ref idref="oc-214"/>
      </symbol>
      <symbol id="sm-45d">
         <name>__TI_zero_init_nomemset</name>
         <value>0x83211</value>
         <object_component_ref idref="oc-5a"/>
      </symbol>
      <symbol id="sm-46a">
         <name>__TI_decompress_none</name>
         <value>0x83252</value>
         <object_component_ref idref="oc-19"/>
      </symbol>
      <symbol id="sm-47e">
         <name>__TI_decompress_lzss</name>
         <value>0x82dbe</value>
         <object_component_ref idref="oc-13"/>
      </symbol>
      <symbol id="sm-494">
         <name>C$$EXIT</name>
         <value>0x82e43</value>
         <object_component_ref idref="oc-137"/>
      </symbol>
      <symbol id="sm-495">
         <name>abort</name>
         <value>0x82e43</value>
         <object_component_ref idref="oc-137"/>
      </symbol>
      <symbol id="sm-496">
         <name>exit</name>
         <value>0x82e45</value>
         <object_component_ref idref="oc-137"/>
      </symbol>
      <symbol id="sm-497">
         <name>__TI_dtors_ptr</name>
         <value>0xa82c</value>
         <object_component_ref idref="oc-246"/>
      </symbol>
      <symbol id="sm-498">
         <name>__TI_cleanup_ptr</name>
         <value>0xa82a</value>
         <object_component_ref idref="oc-246"/>
      </symbol>
      <symbol id="sm-499">
         <name>__TI_enable_exit_profile_output</name>
         <value>0xa828</value>
         <object_component_ref idref="oc-246"/>
      </symbol>
      <symbol id="sm-4b0">
         <name>_nop</name>
         <value>0x83251</value>
         <object_component_ref idref="oc-2ef"/>
      </symbol>
      <symbol id="sm-4b1">
         <name>_lock</name>
         <value>0xa82e</value>
         <object_component_ref idref="oc-249"/>
      </symbol>
      <symbol id="sm-4b2">
         <name>_unlock</name>
         <value>0xa830</value>
         <object_component_ref idref="oc-323"/>
      </symbol>
      <symbol id="sm-4b3">
         <name>_register_lock</name>
         <value>0x8324d</value>
         <object_component_ref idref="oc-2ef"/>
      </symbol>
      <symbol id="sm-4b4">
         <name>_register_unlock</name>
         <value>0x83249</value>
         <object_component_ref idref="oc-2ef"/>
      </symbol>
      <symbol id="sm-4c3">
         <name>_args_main</name>
         <value>0x8321e</value>
         <object_component_ref idref="oc-131"/>
      </symbol>
      <symbol id="sm-4d2">
         <name>_system_post_cinit</name>
         <value>0x82ffe</value>
         <object_component_ref idref="oc-2d5"/>
      </symbol>
      <symbol id="sm-4d4">
         <name>__c_args__</name>
         <value>0x0</value>
      </symbol>
   </symbol_table>
   <title>Link successful</title>
</link_info>
